val force_caml_apply19 :
  'a ->
  'b ->
  'c ->
  'd ->
  'e ->
  'f ->
  'g ->
  'h ->
  'i ->
  'j -> 'k -> 'l -> 'm -> 'n -> 'o -> 'p -> 'q -> 'r -> 's -> 't -> unit =
  <fun>
val x : '_weak1 -> unit = <fun>
val force_caml_apply19_again :
  'a ->
  'b ->
  'c ->
  'd ->
  'e ->
  'f ->
  'g ->
  'h ->
  'i ->
  'j -> 'k -> 'l -> 'm -> 'n -> 'o -> 'p -> 'q -> 'r -> 's -> 't -> unit =
  <fun>
val y : '_weak2 -> unit = <fun>
